---
source: crates/oxc_formatter/tests/fixtures/mod.rs
---
==================== Input ====================
export type A = (
  & aaaaaaaaaaaaaaaaaaaaaaaaaaaaaaaaaaaaaaaaaaa
  & bbbbbbbbbbbbbbbbbbbbbbbbbbbbbbbbbbbbbbbbbbb
);

export type B = (
  aaaaaaaaaaaaaaaaaaaaaaaaaaaaaaaaaaaaaaaaaaa &
  bbbbbbbbbbbbbbbbbbbbbbbbbbbbbbbbbbbbbbbbbbb
);

export type C =
  & aaaaaaaaaaaaaaaaaaaaaaaaaaaaaaaaaaaaaaaaaaa
  & bbbbbbbbbbbbbbbbbbbbbbbbbbbbbbbbbbbbbbbbbbb;

export type D =
  aaaaaaaaaaaaaaaaaaaaaaaaaaaaaaaaaaaaaaaaaaa &
  bbbbbbbbbbbbbbbbbbbbbbbbbbbbbbbbbbbbbbbbbbb;

export type Multi = (string & number)[];

function f(): (string & number) {}

var x: (string & number);
var y: ((string & number));

class Foo<T extends (string & number)> {}

interface Interface {
    i: (X & Y) | Z;
    j: Partial<(X & Y)>;
}

type State = {
  sharedProperty: any;
} & (
  & { discriminant: "FOO"; foo: any }
  & { discriminant: "BAR"; bar: any }
  & { discriminant: "BAZ"; baz: any }
);

const foo1 = [abc, def, ghi, jkl, mno, pqr, stu, vwx, yz] as (
  & string
  & undefined
)[];

const foo2: (
  & AAAAAAAAAAAAAAAAAAAAAA
  & BBBBBBBBBBBBBBBBBBBBBB
  & CCCCCCCCCCCCCCCCCCCCCC
  & DDDDDDDDDDDDDDDDDDDDDD
)[] = [];

const foo3: keyof (
  & AAAAAAAAAAAAAAAAAAAAAA
  & BBBBBBBBBBBBBBBBBBBBBB
  & CCCCCCCCCCCCCCCCCCCCCC
  & DDDDDDDDDDDDDDDDDDDDDD
) = bar;

const foo4:
  & foo
  & (
      & AAAAAAAAAAAAAAAAAAAAAA
      & BBBBBBBBBBBBBBBBBBBBBB
      & CCCCCCCCCCCCCCCCCCCCCC
      & DDDDDDDDDDDDDDDDDDDDDD
    ) = bar;

type Ctor = (new () => X) & Y;

==================== Output ====================
------------------
{ printWidth: 40 }
------------------
export type A =
  aaaaaaaaaaaaaaaaaaaaaaaaaaaaaaaaaaaaaaaaaaa &
    bbbbbbbbbbbbbbbbbbbbbbbbbbbbbbbbbbbbbbbbbbb;

export type B =
  aaaaaaaaaaaaaaaaaaaaaaaaaaaaaaaaaaaaaaaaaaa &
    bbbbbbbbbbbbbbbbbbbbbbbbbbbbbbbbbbbbbbbbbbb;

export type C =
  aaaaaaaaaaaaaaaaaaaaaaaaaaaaaaaaaaaaaaaaaaa &
    bbbbbbbbbbbbbbbbbbbbbbbbbbbbbbbbbbbbbbbbbbb;

export type D =
  aaaaaaaaaaaaaaaaaaaaaaaaaaaaaaaaaaaaaaaaaaa &
    bbbbbbbbbbbbbbbbbbbbbbbbbbbbbbbbbbbbbbbbbbb;

export type Multi = (string & number)[];

function f(): string & number {}

var x: string & number;
var y: string & number;

class Foo<T extends string & number> {}

interface Interface {
  i: (X & Y) | Z;
  j: Partial<X & Y>;
}

type State = {
  sharedProperty: any;
} & ({
  discriminant: "FOO";
  foo: any;
} & {
  discriminant: "BAR";
  bar: any;
} & { discriminant: "BAZ"; baz: any });

const foo1 = [
  abc,
  def,
  ghi,
  jkl,
  mno,
  pqr,
  stu,
  vwx,
  yz,
] as (string & undefined)[];

const foo2: (AAAAAAAAAAAAAAAAAAAAAA &
  BBBBBBBBBBBBBBBBBBBBBB &
  CCCCCCCCCCCCCCCCCCCCCC &
  DDDDDDDDDDDDDDDDDDDDDD)[] = [];

const foo3: keyof (AAAAAAAAAAAAAAAAAAAAAA &
  BBBBBBBBBBBBBBBBBBBBBB &
  CCCCCCCCCCCCCCCCCCCCCC &
  DDDDDDDDDDDDDDDDDDDDDD) = bar;

const foo4: foo &
  (AAAAAAAAAAAAAAAAAAAAAA &
    BBBBBBBBBBBBBBBBBBBBBB &
    CCCCCCCCCCCCCCCCCCCCCC &
    DDDDDDDDDDDDDDDDDDDDDD) = bar;

type Ctor = (new () => X) & Y;

------------------
{ printWidth: 80 }
------------------
export type A = aaaaaaaaaaaaaaaaaaaaaaaaaaaaaaaaaaaaaaaaaaa &
  bbbbbbbbbbbbbbbbbbbbbbbbbbbbbbbbbbbbbbbbbbb;

export type B = aaaaaaaaaaaaaaaaaaaaaaaaaaaaaaaaaaaaaaaaaaa &
  bbbbbbbbbbbbbbbbbbbbbbbbbbbbbbbbbbbbbbbbbbb;

export type C = aaaaaaaaaaaaaaaaaaaaaaaaaaaaaaaaaaaaaaaaaaa &
  bbbbbbbbbbbbbbbbbbbbbbbbbbbbbbbbbbbbbbbbbbb;

export type D = aaaaaaaaaaaaaaaaaaaaaaaaaaaaaaaaaaaaaaaaaaa &
  bbbbbbbbbbbbbbbbbbbbbbbbbbbbbbbbbbbbbbbbbbb;

export type Multi = (string & number)[];

function f(): string & number {}

var x: string & number;
var y: string & number;

class Foo<T extends string & number> {}

interface Interface {
  i: (X & Y) | Z;
  j: Partial<X & Y>;
}

type State = {
  sharedProperty: any;
} & ({ discriminant: "FOO"; foo: any } & { discriminant: "BAR"; bar: any } & {
  discriminant: "BAZ";
  baz: any;
});

const foo1 = [abc, def, ghi, jkl, mno, pqr, stu, vwx, yz] as (string &
  undefined)[];

const foo2: (AAAAAAAAAAAAAAAAAAAAAA &
  BBBBBBBBBBBBBBBBBBBBBB &
  CCCCCCCCCCCCCCCCCCCCCC &
  DDDDDDDDDDDDDDDDDDDDDD)[] = [];

const foo3: keyof (AAAAAAAAAAAAAAAAAAAAAA &
  BBBBBBBBBBBBBBBBBBBBBB &
  CCCCCCCCCCCCCCCCCCCCCC &
  DDDDDDDDDDDDDDDDDDDDDD) = bar;

const foo4: foo &
  (AAAAAAAAAAAAAAAAAAAAAA &
    BBBBBBBBBBBBBBBBBBBBBB &
    CCCCCCCCCCCCCCCCCCCCCC &
    DDDDDDDDDDDDDDDDDDDDDD) = bar;

type Ctor = (new () => X) & Y;

-------------------
{ printWidth: 100 }
-------------------
export type A = aaaaaaaaaaaaaaaaaaaaaaaaaaaaaaaaaaaaaaaaaaa &
  bbbbbbbbbbbbbbbbbbbbbbbbbbbbbbbbbbbbbbbbbbb;

export type B = aaaaaaaaaaaaaaaaaaaaaaaaaaaaaaaaaaaaaaaaaaa &
  bbbbbbbbbbbbbbbbbbbbbbbbbbbbbbbbbbbbbbbbbbb;

export type C = aaaaaaaaaaaaaaaaaaaaaaaaaaaaaaaaaaaaaaaaaaa &
  bbbbbbbbbbbbbbbbbbbbbbbbbbbbbbbbbbbbbbbbbbb;

export type D = aaaaaaaaaaaaaaaaaaaaaaaaaaaaaaaaaaaaaaaaaaa &
  bbbbbbbbbbbbbbbbbbbbbbbbbbbbbbbbbbbbbbbbbbb;

export type Multi = (string & number)[];

function f(): string & number {}

var x: string & number;
var y: string & number;

class Foo<T extends string & number> {}

interface Interface {
  i: (X & Y) | Z;
  j: Partial<X & Y>;
}

type State = {
  sharedProperty: any;
} & ({ discriminant: "FOO"; foo: any } & { discriminant: "BAR"; bar: any } & {
  discriminant: "BAZ";
  baz: any;
});

const foo1 = [abc, def, ghi, jkl, mno, pqr, stu, vwx, yz] as (string & undefined)[];

const foo2: (AAAAAAAAAAAAAAAAAAAAAA &
  BBBBBBBBBBBBBBBBBBBBBB &
  CCCCCCCCCCCCCCCCCCCCCC &
  DDDDDDDDDDDDDDDDDDDDDD)[] = [];

const foo3: keyof (AAAAAAAAAAAAAAAAAAAAAA &
  BBBBBBBBBBBBBBBBBBBBBB &
  CCCCCCCCCCCCCCCCCCCCCC &
  DDDDDDDDDDDDDDDDDDDDDD) = bar;

const foo4: foo &
  (AAAAAAAAAAAAAAAAAAAAAA &
    BBBBBBBBBBBBBBBBBBBBBB &
    CCCCCCCCCCCCCCCCCCCCCC &
    DDDDDDDDDDDDDDDDDDDDDD) = bar;

type Ctor = (new () => X) & Y;

---------------------------------------------------------
{ experimentalOperatorPosition: "start", printWidth: 40 }
---------------------------------------------------------
export type A =
  aaaaaaaaaaaaaaaaaaaaaaaaaaaaaaaaaaaaaaaaaaa
    & bbbbbbbbbbbbbbbbbbbbbbbbbbbbbbbbbbbbbbbbbbb;

export type B =
  aaaaaaaaaaaaaaaaaaaaaaaaaaaaaaaaaaaaaaaaaaa
    & bbbbbbbbbbbbbbbbbbbbbbbbbbbbbbbbbbbbbbbbbbb;

export type C =
  aaaaaaaaaaaaaaaaaaaaaaaaaaaaaaaaaaaaaaaaaaa
    & bbbbbbbbbbbbbbbbbbbbbbbbbbbbbbbbbbbbbbbbbbb;

export type D =
  aaaaaaaaaaaaaaaaaaaaaaaaaaaaaaaaaaaaaaaaaaa
    & bbbbbbbbbbbbbbbbbbbbbbbbbbbbbbbbbbbbbbbbbbb;

export type Multi = (string & number)[];

function f(): string & number {}

var x: string & number;
var y: string & number;

class Foo<T extends string & number> {}

interface Interface {
  i: (X & Y) | Z;
  j: Partial<X & Y>;
}

type State = {
  sharedProperty: any;
} & ({
  discriminant: "FOO";
  foo: any;
} & {
  discriminant: "BAR";
  bar: any;
} & { discriminant: "BAZ"; baz: any });

const foo1 = [
  abc,
  def,
  ghi,
  jkl,
  mno,
  pqr,
  stu,
  vwx,
  yz,
] as (string & undefined)[];

const foo2: (AAAAAAAAAAAAAAAAAAAAAA
  & BBBBBBBBBBBBBBBBBBBBBB
  & CCCCCCCCCCCCCCCCCCCCCC
  & DDDDDDDDDDDDDDDDDDDDDD)[] = [];

const foo3: keyof (AAAAAAAAAAAAAAAAAAAAAA
  & BBBBBBBBBBBBBBBBBBBBBB
  & CCCCCCCCCCCCCCCCCCCCCC
  & DDDDDDDDDDDDDDDDDDDDDD) = bar;

const foo4: foo
  & (AAAAAAAAAAAAAAAAAAAAAA
    & BBBBBBBBBBBBBBBBBBBBBB
    & CCCCCCCCCCCCCCCCCCCCCC
    & DDDDDDDDDDDDDDDDDDDDDD) = bar;

type Ctor = (new () => X) & Y;

---------------------------------------------------------
{ experimentalOperatorPosition: "start", printWidth: 80 }
---------------------------------------------------------
export type A = aaaaaaaaaaaaaaaaaaaaaaaaaaaaaaaaaaaaaaaaaaa
  & bbbbbbbbbbbbbbbbbbbbbbbbbbbbbbbbbbbbbbbbbbb;

export type B = aaaaaaaaaaaaaaaaaaaaaaaaaaaaaaaaaaaaaaaaaaa
  & bbbbbbbbbbbbbbbbbbbbbbbbbbbbbbbbbbbbbbbbbbb;

export type C = aaaaaaaaaaaaaaaaaaaaaaaaaaaaaaaaaaaaaaaaaaa
  & bbbbbbbbbbbbbbbbbbbbbbbbbbbbbbbbbbbbbbbbbbb;

export type D = aaaaaaaaaaaaaaaaaaaaaaaaaaaaaaaaaaaaaaaaaaa
  & bbbbbbbbbbbbbbbbbbbbbbbbbbbbbbbbbbbbbbbbbbb;

export type Multi = (string & number)[];

function f(): string & number {}

var x: string & number;
var y: string & number;

class Foo<T extends string & number> {}

interface Interface {
  i: (X & Y) | Z;
  j: Partial<X & Y>;
}

type State = {
  sharedProperty: any;
} & ({ discriminant: "FOO"; foo: any } & { discriminant: "BAR"; bar: any } & {
  discriminant: "BAZ";
  baz: any;
});

const foo1 = [abc, def, ghi, jkl, mno, pqr, stu, vwx, yz] as (string
  & undefined)[];

const foo2: (AAAAAAAAAAAAAAAAAAAAAA
  & BBBBBBBBBBBBBBBBBBBBBB
  & CCCCCCCCCCCCCCCCCCCCCC
  & DDDDDDDDDDDDDDDDDDDDDD)[] = [];

const foo3: keyof (AAAAAAAAAAAAAAAAAAAAAA
  & BBBBBBBBBBBBBBBBBBBBBB
  & CCCCCCCCCCCCCCCCCCCCCC
  & DDDDDDDDDDDDDDDDDDDDDD) = bar;

const foo4: foo
  & (AAAAAAAAAAAAAAAAAAAAAA
    & BBBBBBBBBBBBBBBBBBBBBB
    & CCCCCCCCCCCCCCCCCCCCCC
    & DDDDDDDDDDDDDDDDDDDDDD) = bar;

type Ctor = (new () => X) & Y;

----------------------------------------------------------
{ experimentalOperatorPosition: "start", printWidth: 100 }
----------------------------------------------------------
export type A = aaaaaaaaaaaaaaaaaaaaaaaaaaaaaaaaaaaaaaaaaaa
  & bbbbbbbbbbbbbbbbbbbbbbbbbbbbbbbbbbbbbbbbbbb;

export type B = aaaaaaaaaaaaaaaaaaaaaaaaaaaaaaaaaaaaaaaaaaa
  & bbbbbbbbbbbbbbbbbbbbbbbbbbbbbbbbbbbbbbbbbbb;

export type C = aaaaaaaaaaaaaaaaaaaaaaaaaaaaaaaaaaaaaaaaaaa
  & bbbbbbbbbbbbbbbbbbbbbbbbbbbbbbbbbbbbbbbbbbb;

export type D = aaaaaaaaaaaaaaaaaaaaaaaaaaaaaaaaaaaaaaaaaaa
  & bbbbbbbbbbbbbbbbbbbbbbbbbbbbbbbbbbbbbbbbbbb;

export type Multi = (string & number)[];

function f(): string & number {}

var x: string & number;
var y: string & number;

class Foo<T extends string & number> {}

interface Interface {
  i: (X & Y) | Z;
  j: Partial<X & Y>;
}

type State = {
  sharedProperty: any;
} & ({ discriminant: "FOO"; foo: any } & { discriminant: "BAR"; bar: any } & {
  discriminant: "BAZ";
  baz: any;
});

const foo1 = [abc, def, ghi, jkl, mno, pqr, stu, vwx, yz] as (string & undefined)[];

const foo2: (AAAAAAAAAAAAAAAAAAAAAA
  & BBBBBBBBBBBBBBBBBBBBBB
  & CCCCCCCCCCCCCCCCCCCCCC
  & DDDDDDDDDDDDDDDDDDDDDD)[] = [];

const foo3: keyof (AAAAAAAAAAAAAAAAAAAAAA
  & BBBBBBBBBBBBBBBBBBBBBB
  & CCCCCCCCCCCCCCCCCCCCCC
  & DDDDDDDDDDDDDDDDDDDDDD) = bar;

const foo4: foo
  & (AAAAAAAAAAAAAAAAAAAAAA
    & BBBBBBBBBBBBBBBBBBBBBB
    & CCCCCCCCCCCCCCCCCCCCCC
    & DDDDDDDDDDDDDDDDDDDDDD) = bar;

type Ctor = (new () => X) & Y;

===================== End =====================
